row=abenteric column_family=foo column_qualifier=http://www.foo.com/ value=How now brown cow
row=barothermohygrograph column_family=bar value=Herbie Hancock
row=Batonga column_family=foo value=Head Hunters
warning: too few fields on line 5
warn: invalid timestamp format on line 6, skipping...
warning: too few fields on line 7
warning: too few fields on line 8
row=carbonification column_family=sherlock column_qualifier=holmes value=this\tis\ta\ttab\tdelimited\tvalue
row=biomagnify column_family=sherlock column_qualifier=holmes value=\\\this\contains\lots\of\backslashes\\\
