#row	column	value
\newline
tab	slash\	TestColumnFamily:\newline
tab	slash\	hello, world!
